[brasil-vakinha.sbs/Contribuição/index.html]
[brasil-vakinha.sbs/inicio/index.html]
[backblue.gif]
[fade.gif]
[index.html]
[static.vakinha.com.br/uploads/vakinha/image/5965746/1771959921.409c1b0.jpg]
[static.vakinha.com.br/uploads/vakinha/image/5965746/1771959921.409665d.jpg]
[static.vakinha.com.br/uploads/vakinha/image/5971177/1772116241.33.jpg]
[static.vakinha.com.br/uploads/vakinha/image/5966515/1771959575.019.jpg]
[static.vakinha.com.br/uploads/vakinha/image/5965668/1771935895.353.jpg]
[static.vakinha.com.br/uploads/vakinha/image/5966215/1771953122.248.jpg]
[static.vakinha.com.br/static/v4/SELO49c0.png]
[static.vakinha.com.br/static/v4/SELOfbfe.png]
[brasil-vakinha.sbs/inicio/fonts/c2a5901aad8f0152-s.woff2]
[brasil-vakinha.sbs/inicio/fonts/b5215411e8ce7768-s.p.woff2]
[brasil-vakinha.sbs/inicio/fonts/e77829e76dbc15a5-s.woff2]
[brasil-vakinha.sbs/inicio/fonts/756f9c755543fe29-s.p.woff2]
[brasil-vakinha.sbs/inicio/fonts/8ebe173d0f0ad7a9-s.woff2]
[brasil-vakinha.sbs/inicio/fonts/25460892714ab800-s.p.woff2]
[brasil-vakinha.sbs/inicio/fonts/df30991d5854ede3-s.woff2]
[brasil-vakinha.sbs/inicio/fonts/9364c9a9ce248cb1-s.p.woff2]
[brasil-vakinha.sbs/inicio/fonts/9ce3050912c26948-s.woff2]
[brasil-vakinha.sbs/inicio/fonts/155cae559bbd1a77-s.p.woff2]
[brasil-vakinha.sbs/inicio/fonts/cce080f35d014443-s.woff2]
[brasil-vakinha.sbs/inicio/fonts/4de1fea1a954a5b6-s.p.woff2]
[brasil-vakinha.sbs/inicio/fonts/39969fcf98a3026e-s.woff2]
[brasil-vakinha.sbs/inicio/fonts/6d664cce900333ee-s.p.woff2]
[brasil-vakinha.sbs/inicio/fonts/f97d1853053d8931-s.woff2]
[brasil-vakinha.sbs/inicio/fonts/7ff6869a1704182a-s.p.woff2]
[brasil-vakinha.sbs/inicio/fonts/b7aab997de1efc1b-s.woff2]
[brasil-vakinha.sbs/inicio/fonts/cf1bf6ac0584c972-s.woff2]
[brasil-vakinha.sbs/inicio/fonts/b6d5c27d1654414b-s.woff2]
[brasil-vakinha.sbs/inicio/fonts/0d93aa9556af6970-s.woff2]
[brasil-vakinha.sbs/inicio/fonts/2fb5d94d8dca0cc5-s.p.woff2]
[brasil-vakinha.sbs/inicio/fonts/b1f344208eb4edfe-s.woff2]
[brasil-vakinha.sbs/inicio/fonts/48e2044251ef3125-s.woff2]
[brasil-vakinha.sbs/inicio/fonts/bf24a9759715e608-s.woff2]
[brasil-vakinha.sbs/inicio/fonts/1f173e5e25f3efee-s.woff2]
[brasil-vakinha.sbs/inicio/fonts/904be59b21bd51cb-s.p.woff2]
[brasil-vakinha.sbs/inicio/index.html]
